This is a test for the ignore command in git. 